// Jest Snapshot v1, https://goo.gl/fbAQLP

exports[`renders the UI as expected 1`] = `
<ul
  className="results"
>
  <li>
    Anakin
  </li>
  <li>
    Wookie
  </li>
  <li>
    jabba
  </li>
</ul>
`;
